<?xml version="1.0" encoding="utf-8"?><testsuites name="pytest tests"><testsuite name="pytest" errors="0" failures="0" skipped="0" tests="21" time="0.236" timestamp="2025-12-06T14:14:17.611102-05:00" hostname="abstraction"><testcase classname="tests.unit.test_calculator" name="test_add[add_two_positive_integers]" time="0.065" /><testcase classname="tests.unit.test_calculator" name="test_add[add_two_negative_integers]" time="0.001" /><testcase classname="tests.unit.test_calculator" name="test_add[add_two_positive_floats]" time="0.001" /><testcase classname="tests.unit.test_calculator" name="test_add[add_negative_and_positive_float]" time="0.000" /><testcase classname="tests.unit.test_calculator" name="test_add[add_zeros]" time="0.000" /><testcase classname="tests.unit.test_calculator" name="test_subtract[subtract_two_positive_integers]" time="0.000" /><testcase classname="tests.unit.test_calculator" name="test_subtract[subtract_two_negative_integers]" time="0.000" /><testcase classname="tests.unit.test_calculator" name="test_subtract[subtract_two_positive_floats]" time="0.000" /><testcase classname="tests.unit.test_calculator" name="test_subtract[subtract_two_negative_floats]" time="0.000" /><testcase classname="tests.unit.test_calculator" name="test_subtract[subtract_zeros]" time="0.000" /><testcase classname="tests.unit.test_calculator" name="test_multiply[multiply_two_positive_integers]" time="0.000" /><testcase classname="tests.unit.test_calculator" name="test_multiply[multiply_negative_and_positive_integer]" time="0.000" /><testcase classname="tests.unit.test_calculator" name="test_multiply[multiply_two_positive_floats]" time="0.000" /><testcase classname="tests.unit.test_calculator" name="test_multiply[multiply_negative_float_and_positive_float]" time="0.000" /><testcase classname="tests.unit.test_calculator" name="test_multiply[multiply_zero_and_positive_integer]" time="0.000" /><testcase classname="tests.unit.test_calculator" name="test_divide[divide_two_positive_integers]" time="0.000" /><testcase classname="tests.unit.test_calculator" name="test_divide[divide_negative_integer_by_positive_integer]" time="0.000" /><testcase classname="tests.unit.test_calculator" name="test_divide[divide_two_positive_floats]" time="0.000" /><testcase classname="tests.unit.test_calculator" name="test_divide[divide_negative_float_by_positive_float]" time="0.000" /><testcase classname="tests.unit.test_calculator" name="test_divide[divide_zero_by_positive_integer]" time="0.000" /><testcase classname="tests.unit.test_calculator" name="test_divide_by_zero" time="0.007" /></testsuite></testsuites>